// Jest Snapshot v1, https://goo.gl/fbAQLP

exports[`Check if the component has changed 1`] = `
Array [
  <div
    className="countries-container"
  >
    <div
      className="population-stats"
    >
      <h2
        className="stats-title"
      >
        STATS BY COUNTRY POPULATION
      </h2>
    </div>
    <div
      className="country-container"
    />
  </div>,
  ",",
]
`;
